Analysis & Synthesis report for complexClock
Fri Jun 11 20:24:26 2021
Quartus II Version 9.1 Build 350 03/24/2010 Service Pack 2 SJ Web Edition


---------------------
; Table of Contents ;
---------------------
  1. Legal Notice
  2. Analysis & Synthesis Summary
  3. Analysis & Synthesis Settings
  4. Parallel Compilation
  5. Analysis & Synthesis Source Files Read
  6. Analysis & Synthesis Resource Usage Summary
  7. Analysis & Synthesis Resource Utilization by Entity
  8. User-Specified and Inferred Latches
  9. Registers Removed During Synthesis
 10. General Register Statistics
 11. Multiplexer Restructuring Statistics (Restructuring Performed)
 12. Analysis & Synthesis Messages
 13. Analysis & Synthesis Suppressed Messages



----------------
; Legal Notice ;
----------------
Copyright (C) 1991-2010 Altera Corporation
Your use of Altera Corporation's design tools, logic functions 
and other software and tools, and its AMPP partner logic 
functions, and any output files from any of the foregoing 
(including device programming or simulation files), and any 
associated documentation or information are expressly subject 
to the terms and conditions of the Altera Program License 
Subscription Agreement, Altera MegaCore Function License 
Agreement, or other applicable license agreement, including, 
without limitation, that your use is for the sole purpose of 
programming logic devices manufactured by Altera and sold by 
Altera or its authorized distributors.  Please refer to the 
applicable agreement for further details.



+-----------------------------------------------------------------------------------+
; Analysis & Synthesis Summary                                                      ;
+------------------------------------+----------------------------------------------+
; Analysis & Synthesis Status        ; Successful - Fri Jun 11 20:24:26 2021        ;
; Quartus II Version                 ; 9.1 Build 350 03/24/2010 SP 2 SJ Web Edition ;
; Revision Name                      ; complexClock                                 ;
; Top-level Entity Name              ; complexClock                                 ;
; Family                             ; Cyclone III                                  ;
; Total logic elements               ; 691                                          ;
;     Total combinational functions  ; 689                                          ;
;     Dedicated logic registers      ; 132                                          ;
; Total registers                    ; 132                                          ;
; Total pins                         ; 51                                           ;
; Total virtual pins                 ; 0                                            ;
; Total memory bits                  ; 0                                            ;
; Embedded Multiplier 9-bit elements ; 0                                            ;
; Total PLLs                         ; 0                                            ;
+------------------------------------+----------------------------------------------+


+----------------------------------------------------------------------------------------------------------------------+
; Analysis & Synthesis Settings                                                                                        ;
+----------------------------------------------------------------------------+--------------------+--------------------+
; Option                                                                     ; Setting            ; Default Value      ;
+----------------------------------------------------------------------------+--------------------+--------------------+
; Device                                                                     ; EP3C16F484C6       ;                    ;
; Top-level entity name                                                      ; complexClock       ; complexClock       ;
; Family name                                                                ; Cyclone III        ; Stratix II         ;
; Type of Retiming Performed During Resynthesis                              ; Full               ;                    ;
; Resynthesis Optimization Effort                                            ; Normal             ;                    ;
; Physical Synthesis Level for Resynthesis                                   ; Normal             ;                    ;
; Use Generated Physical Constraints File                                    ; On                 ;                    ;
; Use smart compilation                                                      ; Off                ; Off                ;
; Enable parallel Assembler and TimeQuest Timing Analyzer during compilation ; On                 ; On                 ;
; Enable compact report table                                                ; Off                ; Off                ;
; Restructure Multiplexers                                                   ; Auto               ; Auto               ;
; Create Debugging Nodes for IP Cores                                        ; Off                ; Off                ;
; Preserve fewer node names                                                  ; On                 ; On                 ;
; Disable OpenCore Plus hardware evaluation                                  ; Off                ; Off                ;
; Verilog Version                                                            ; Verilog_2001       ; Verilog_2001       ;
; VHDL Version                                                               ; VHDL_1993          ; VHDL_1993          ;
; State Machine Processing                                                   ; Auto               ; Auto               ;
; Safe State Machine                                                         ; Off                ; Off                ;
; Extract Verilog State Machines                                             ; On                 ; On                 ;
; Extract VHDL State Machines                                                ; On                 ; On                 ;
; Ignore Verilog initial constructs                                          ; Off                ; Off                ;
; Iteration limit for constant Verilog loops                                 ; 5000               ; 5000               ;
; Iteration limit for non-constant Verilog loops                             ; 250                ; 250                ;
; Add Pass-Through Logic to Inferred RAMs                                    ; On                 ; On                 ;
; Parallel Synthesis                                                         ; On                 ; On                 ;
; DSP Block Balancing                                                        ; Auto               ; Auto               ;
; NOT Gate Push-Back                                                         ; On                 ; On                 ;
; Power-Up Don't Care                                                        ; On                 ; On                 ;
; Remove Redundant Logic Cells                                               ; Off                ; Off                ;
; Remove Duplicate Registers                                                 ; On                 ; On                 ;
; Ignore CARRY Buffers                                                       ; Off                ; Off                ;
; Ignore CASCADE Buffers                                                     ; Off                ; Off                ;
; Ignore GLOBAL Buffers                                                      ; Off                ; Off                ;
; Ignore ROW GLOBAL Buffers                                                  ; Off                ; Off                ;
; Ignore LCELL Buffers                                                       ; Off                ; Off                ;
; Ignore SOFT Buffers                                                        ; On                 ; On                 ;
; Limit AHDL Integers to 32 Bits                                             ; Off                ; Off                ;
; Optimization Technique                                                     ; Balanced           ; Balanced           ;
; Carry Chain Length                                                         ; 70                 ; 70                 ;
; Auto Carry Chains                                                          ; On                 ; On                 ;
; Auto Open-Drain Pins                                                       ; On                 ; On                 ;
; Perform WYSIWYG Primitive Resynthesis                                      ; Off                ; Off                ;
; Auto ROM Replacement                                                       ; On                 ; On                 ;
; Auto RAM Replacement                                                       ; On                 ; On                 ;
; Auto DSP Block Replacement                                                 ; On                 ; On                 ;
; Auto Shift Register Replacement                                            ; Auto               ; Auto               ;
; Auto Clock Enable Replacement                                              ; On                 ; On                 ;
; Strict RAM Replacement                                                     ; Off                ; Off                ;
; Allow Synchronous Control Signals                                          ; On                 ; On                 ;
; Force Use of Synchronous Clear Signals                                     ; Off                ; Off                ;
; Auto RAM Block Balancing                                                   ; On                 ; On                 ;
; Auto RAM to Logic Cell Conversion                                          ; Off                ; Off                ;
; Auto Resource Sharing                                                      ; Off                ; Off                ;
; Allow Any RAM Size For Recognition                                         ; Off                ; Off                ;
; Allow Any ROM Size For Recognition                                         ; Off                ; Off                ;
; Allow Any Shift Register Size For Recognition                              ; Off                ; Off                ;
; Use LogicLock Constraints during Resource Balancing                        ; On                 ; On                 ;
; Ignore translate_off and synthesis_off directives                          ; Off                ; Off                ;
; Timing-Driven Synthesis                                                    ; On                 ; On                 ;
; Show Parameter Settings Tables in Synthesis Report                         ; On                 ; On                 ;
; Ignore Maximum Fan-Out Assignments                                         ; Off                ; Off                ;
; Synchronization Register Chain Length                                      ; 2                  ; 2                  ;
; PowerPlay Power Optimization                                               ; Normal compilation ; Normal compilation ;
; HDL message level                                                          ; Level2             ; Level2             ;
; Suppress Register Optimization Related Messages                            ; Off                ; Off                ;
; Number of Removed Registers Reported in Synthesis Report                   ; 5000               ; 5000               ;
; Number of Inverted Registers Reported in Synthesis Report                  ; 100                ; 100                ;
; Clock MUX Protection                                                       ; On                 ; On                 ;
; Auto Gated Clock Conversion                                                ; Off                ; Off                ;
; Block Design Naming                                                        ; Auto               ; Auto               ;
; SDC constraint protection                                                  ; Off                ; Off                ;
; Synthesis Effort                                                           ; Auto               ; Auto               ;
; Shift Register Replacement - Allow Asynchronous Clear Signal               ; On                 ; On                 ;
; Analysis & Synthesis Message Level                                         ; Medium             ; Medium             ;
; Disable Register Merging Across Hierarchies                                ; Auto               ; Auto               ;
; Resource Aware Inference For Block RAM                                     ; On                 ; On                 ;
+----------------------------------------------------------------------------+--------------------+--------------------+


Parallel compilation was disabled, but you have multiple processors available. Enable parallel compilation to reduce compilation time.
+-------------------------------------+
; Parallel Compilation                ;
+----------------------------+--------+
; Processors                 ; Number ;
+----------------------------+--------+
; Number detected on machine ; 6      ;
; Maximum allowed            ; 1      ;
+----------------------------+--------+


+-----------------------------------------------------------------------------------------------------------------------------------+
; Analysis & Synthesis Source Files Read                                                                                            ;
+----------------------------------+-----------------+------------------------+-----------------------------------------------------+
; File Name with User-Entered Path ; Used in Netlist ; File Type              ; File Name with Absolute Path                        ;
+----------------------------------+-----------------+------------------------+-----------------------------------------------------+
; complexClock.v                   ; yes             ; User Verilog HDL File  ; C:/Users/User/Desktop/數位專題正式版/complexClock.v ;
+----------------------------------+-----------------+------------------------+-----------------------------------------------------+


+-----------------------------------------------------+
; Analysis & Synthesis Resource Usage Summary         ;
+---------------------------------------------+-------+
; Resource                                    ; Usage ;
+---------------------------------------------+-------+
; Estimated Total logic elements              ; 691   ;
;                                             ;       ;
; Total combinational functions               ; 689   ;
; Logic element usage by number of LUT inputs ;       ;
;     -- 4 input functions                    ; 321   ;
;     -- 3 input functions                    ; 280   ;
;     -- <=2 input functions                  ; 88    ;
;                                             ;       ;
; Logic elements by mode                      ;       ;
;     -- normal mode                          ; 651   ;
;     -- arithmetic mode                      ; 38    ;
;                                             ;       ;
; Total registers                             ; 132   ;
;     -- Dedicated logic registers            ; 132   ;
;     -- I/O registers                        ; 0     ;
;                                             ;       ;
; I/O pins                                    ; 51    ;
; Maximum fan-out node                        ; half  ;
; Maximum fan-out                             ; 56    ;
; Total fan-out                               ; 2734  ;
; Average fan-out                             ; 2.96  ;
+---------------------------------------------+-------+


+-------------------------------------------------------------------------------------------------------------------------------------------------------------------------------------+
; Analysis & Synthesis Resource Utilization by Entity                                                                                                                                 ;
+----------------------------+-------------------+--------------+-------------+--------------+---------+-----------+------+--------------+-----------------------------+--------------+
; Compilation Hierarchy Node ; LC Combinationals ; LC Registers ; Memory Bits ; DSP Elements ; DSP 9x9 ; DSP 18x18 ; Pins ; Virtual Pins ; Full Hierarchy Name         ; Library Name ;
+----------------------------+-------------------+--------------+-------------+--------------+---------+-----------+------+--------------+-----------------------------+--------------+
; |complexClock              ; 689 (675)         ; 132 (120)    ; 0           ; 0            ; 0       ; 0         ; 51   ; 0            ; |complexClock               ; work         ;
;    |debouncing:A1|         ; 14 (14)           ; 12 (12)      ; 0           ; 0            ; 0       ; 0         ; 0    ; 0            ; |complexClock|debouncing:A1 ;              ;
+----------------------------+-------------------+--------------+-------------+--------------+---------+-----------+------+--------------+-----------------------------+--------------+
Note: For table entries with two numbers listed, the numbers in parentheses indicate the number of resources of the given type used by the specific entity alone. The numbers listed outside of parentheses indicate the total resources of the given type used by the specific entity and all of its sub-entities in the hierarchy.


+-----------------------------------------------------------------------------------------------------+
; User-Specified and Inferred Latches                                                                 ;
+------------------------------------------------------+---------------------+------------------------+
; Latch Name                                           ; Latch Enable Signal ; Free of Timing Hazards ;
+------------------------------------------------------+---------------------+------------------------+
; led[0]$latch                                         ; led[9]              ; yes                    ;
; led[1]$latch                                         ; led[9]              ; yes                    ;
; led[2]$latch                                         ; led[9]              ; yes                    ;
; led[3]$latch                                         ; led[9]              ; yes                    ;
; led[4]$latch                                         ; led[9]              ; yes                    ;
; led[5]$latch                                         ; led[9]              ; yes                    ;
; led[6]$latch                                         ; led[9]              ; yes                    ;
; led[7]$latch                                         ; led[9]              ; yes                    ;
; led[8]$latch                                         ; led[9]              ; yes                    ;
; led[9]$latch                                         ; led[9]              ; yes                    ;
; hex3[0]$latch                                        ; led[9]              ; yes                    ;
; hex3[1]$latch                                        ; led[9]              ; yes                    ;
; hex3[2]$latch                                        ; led[9]              ; yes                    ;
; hex3[3]$latch                                        ; led[9]              ; yes                    ;
; hex3[4]$latch                                        ; led[9]              ; yes                    ;
; hex3[5]$latch                                        ; led[9]              ; yes                    ;
; hex3[6]$latch                                        ; led[9]              ; yes                    ;
; hex2[0]$latch                                        ; led[9]              ; yes                    ;
; hex2[1]$latch                                        ; led[9]              ; yes                    ;
; hex2[2]$latch                                        ; led[9]              ; yes                    ;
; hex2[3]$latch                                        ; led[9]              ; yes                    ;
; hex2[4]$latch                                        ; led[9]              ; yes                    ;
; hex2[5]$latch                                        ; led[9]              ; yes                    ;
; hex2[6]$latch                                        ; led[9]              ; yes                    ;
; hex2[7]$latch                                        ; led[9]              ; yes                    ;
; hex1[0]$latch                                        ; led[9]              ; yes                    ;
; hex1[1]$latch                                        ; led[9]              ; yes                    ;
; hex1[2]$latch                                        ; led[9]              ; yes                    ;
; hex1[3]$latch                                        ; led[9]              ; yes                    ;
; hex1[4]$latch                                        ; led[9]              ; yes                    ;
; hex1[5]$latch                                        ; led[9]              ; yes                    ;
; hex1[6]$latch                                        ; led[9]              ; yes                    ;
; hex0[0]$latch                                        ; led[9]              ; yes                    ;
; hex0[1]$latch                                        ; led[9]              ; yes                    ;
; hex0[2]$latch                                        ; led[9]              ; yes                    ;
; hex0[3]$latch                                        ; led[9]              ; yes                    ;
; hex0[4]$latch                                        ; led[9]              ; yes                    ;
; hex0[5]$latch                                        ; led[9]              ; yes                    ;
; hex0[6]$latch                                        ; led[9]              ; yes                    ;
; replacehex3[0]                                       ; replacehex3[0]      ; yes                    ;
; temphex3[0]                                          ; temphex3[0]         ; yes                    ;
; horsehex3[0]                                         ; horsehex3[0]        ; yes                    ;
; replace2hex3[0]                                      ; replace2hex3[0]     ; yes                    ;
; lasthex3[0]                                          ; lasthex3[0]         ; yes                    ;
; replacehex3[1]                                       ; replacehex3[0]      ; yes                    ;
; temphex3[1]                                          ; temphex3[0]         ; yes                    ;
; horsehex3[1]                                         ; horsehex3[0]        ; yes                    ;
; replace2hex3[1]                                      ; replace2hex3[0]     ; yes                    ;
; lasthex3[1]                                          ; lasthex3[0]         ; yes                    ;
; replacehex3[2]                                       ; replacehex3[0]      ; yes                    ;
; temphex3[2]                                          ; temphex3[0]         ; yes                    ;
; horsehex3[2]                                         ; horsehex3[0]        ; yes                    ;
; replace2hex3[2]                                      ; replace2hex3[0]     ; yes                    ;
; lasthex3[2]                                          ; lasthex3[0]         ; yes                    ;
; replacehex3[3]                                       ; replacehex3[0]      ; yes                    ;
; temphex3[3]                                          ; temphex3[0]         ; yes                    ;
; horsehex3[3]                                         ; horsehex3[0]        ; yes                    ;
; replace2hex3[3]                                      ; replace2hex3[0]     ; yes                    ;
; lasthex3[3]                                          ; lasthex3[0]         ; yes                    ;
; replacehex3[4]                                       ; replacehex3[0]      ; yes                    ;
; temphex3[4]                                          ; temphex3[0]         ; yes                    ;
; horsehex3[4]                                         ; horsehex3[0]        ; yes                    ;
; replace2hex3[4]                                      ; replace2hex3[0]     ; yes                    ;
; lasthex3[4]                                          ; lasthex3[0]         ; yes                    ;
; replacehex3[5]                                       ; replacehex3[0]      ; yes                    ;
; temphex3[5]                                          ; temphex3[0]         ; yes                    ;
; horsehex3[5]                                         ; horsehex3[0]        ; yes                    ;
; replace2hex3[5]                                      ; replace2hex3[0]     ; yes                    ;
; lasthex3[5]                                          ; lasthex3[0]         ; yes                    ;
; replacehex3[6]                                       ; replacehex3[0]      ; yes                    ;
; temphex3[6]                                          ; temphex3[0]         ; yes                    ;
; horsehex3[6]                                         ; horsehex3[0]        ; yes                    ;
; replace2hex3[6]                                      ; replace2hex3[0]     ; yes                    ;
; lasthex3[6]                                          ; lasthex3[0]         ; yes                    ;
; replacehex2[0]                                       ; replacehex2[0]      ; yes                    ;
; temphex2[0]                                          ; temphex2[0]         ; yes                    ;
; horsehex2[0]                                         ; horsehex2[0]        ; yes                    ;
; replace2hex2[0]                                      ; replace2hex2[0]     ; yes                    ;
; lasthex2[0]                                          ; lasthex2[0]         ; yes                    ;
; replacehex2[1]                                       ; replacehex2[0]      ; yes                    ;
; temphex2[1]                                          ; temphex2[0]         ; yes                    ;
; horsehex2[1]                                         ; horsehex2[0]        ; yes                    ;
; replace2hex2[1]                                      ; replace2hex2[0]     ; yes                    ;
; lasthex2[1]                                          ; lasthex2[0]         ; yes                    ;
; replacehex2[2]                                       ; replacehex2[0]      ; yes                    ;
; temphex2[2]                                          ; temphex2[0]         ; yes                    ;
; horsehex2[2]                                         ; horsehex2[0]        ; yes                    ;
; replace2hex2[2]                                      ; replace2hex2[0]     ; yes                    ;
; lasthex2[2]                                          ; lasthex2[0]         ; yes                    ;
; replacehex2[3]                                       ; replacehex2[0]      ; yes                    ;
; temphex2[3]                                          ; temphex2[0]         ; yes                    ;
; horsehex2[3]                                         ; horsehex2[0]        ; yes                    ;
; replace2hex2[3]                                      ; replace2hex2[0]     ; yes                    ;
; lasthex2[3]                                          ; lasthex2[0]         ; yes                    ;
; replacehex2[4]                                       ; replacehex2[0]      ; yes                    ;
; temphex2[4]                                          ; temphex2[0]         ; yes                    ;
; horsehex2[4]                                         ; horsehex2[0]        ; yes                    ;
; replace2hex2[4]                                      ; replace2hex2[0]     ; yes                    ;
; lasthex2[4]                                          ; lasthex2[0]         ; yes                    ;
; replacehex2[5]                                       ; replacehex2[0]      ; yes                    ;
; Number of user-specified and inferred latches = 180  ;                     ;                        ;
+------------------------------------------------------+---------------------+------------------------+
Table restricted to first 100 entries. Note: All latches listed above may not be present at the end of synthesis due to various synthesis optimizations.


+--------------------------------------------------------------+
; Registers Removed During Synthesis                           ;
+---------------------------------------+----------------------+
; Register name                         ; Reason for Removal   ;
+---------------------------------------+----------------------+
; fire4[1..4]                           ; Merged with fire4[0] ;
; Total Number of Removed Registers = 4 ;                      ;
+---------------------------------------+----------------------+


+------------------------------------------------------+
; General Register Statistics                          ;
+----------------------------------------------+-------+
; Statistic                                    ; Value ;
+----------------------------------------------+-------+
; Total registers                              ; 132   ;
; Number of registers using Synchronous Clear  ; 9     ;
; Number of registers using Synchronous Load   ; 4     ;
; Number of registers using Asynchronous Clear ; 0     ;
; Number of registers using Asynchronous Load  ; 0     ;
; Number of registers using Clock Enable       ; 74    ;
; Number of registers using Preset             ; 0     ;
+----------------------------------------------+-------+


+--------------------------------------------------------------------------------------------------------------------------------------------------+
; Multiplexer Restructuring Statistics (Restructuring Performed)                                                                                   ;
+--------------------+-----------+---------------+----------------------+------------------------+------------+------------------------------------+
; Multiplexer Inputs ; Bus Width ; Baseline Area ; Area if Restructured ; Saving if Restructured ; Registered ; Example Multiplexer Output         ;
+--------------------+-----------+---------------+----------------------+------------------------+------------+------------------------------------+
; 4:1                ; 4 bits    ; 8 LEs         ; 4 LEs                ; 4 LEs                  ; Yes        ; |complexClock|horseminuteFirst[3]  ;
; 5:1                ; 4 bits    ; 12 LEs        ; 8 LEs                ; 4 LEs                  ; Yes        ; |complexClock|minuteFirst[1]       ;
; 5:1                ; 4 bits    ; 12 LEs        ; 4 LEs                ; 8 LEs                  ; Yes        ; |complexClock|horseminuteSecond[1] ;
; 6:1                ; 4 bits    ; 16 LEs        ; 8 LEs                ; 8 LEs                  ; Yes        ; |complexClock|minuteSecond[0]      ;
; 6:1                ; 4 bits    ; 16 LEs        ; 4 LEs                ; 12 LEs                 ; Yes        ; |complexClock|horsehrFirst[0]      ;
; 7:1                ; 4 bits    ; 16 LEs        ; 4 LEs                ; 12 LEs                 ; Yes        ; |complexClock|horsehrSecond[2]     ;
; 8:1                ; 4 bits    ; 20 LEs        ; 8 LEs                ; 12 LEs                 ; Yes        ; |complexClock|hrSecond[3]          ;
; 8:1                ; 4 bits    ; 20 LEs        ; 8 LEs                ; 12 LEs                 ; Yes        ; |complexClock|hrFirst[0]           ;
; 8:1                ; 4 bits    ; 20 LEs        ; 8 LEs                ; 12 LEs                 ; Yes        ; |complexClock|lastminuteFirst[0]   ;
; 8:1                ; 4 bits    ; 20 LEs        ; 8 LEs                ; 12 LEs                 ; Yes        ; |complexClock|lastminuteSecond[0]  ;
; 8:1                ; 4 bits    ; 20 LEs        ; 8 LEs                ; 12 LEs                 ; Yes        ; |complexClock|lasthrFirst[0]       ;
; 8:1                ; 4 bits    ; 20 LEs        ; 4 LEs                ; 16 LEs                 ; Yes        ; |complexClock|lasthrSecond[3]      ;
; 6:1                ; 28 bits   ; 112 LEs       ; 112 LEs              ; 0 LEs                  ; No         ; |complexClock|hex1[3]              ;
; 8:1                ; 2 bits    ; 10 LEs        ; 8 LEs                ; 2 LEs                  ; No         ; |complexClock|led[2]               ;
+--------------------+-----------+---------------+----------------------+------------------------+------------+------------------------------------+


+-------------------------------+
; Analysis & Synthesis Messages ;
+-------------------------------+
Info: *******************************************************************
Info: Running Quartus II Analysis & Synthesis
    Info: Version 9.1 Build 350 03/24/2010 Service Pack 2 SJ Web Edition
    Info: Processing started: Fri Jun 11 20:24:23 2021
Info: Command: quartus_map --read_settings_files=on --write_settings_files=off complexClock -c complexClock
Warning (10229): Verilog HDL Expression warning at complexClock.v(724): truncated literal to match 8 bits
Warning (10229): Verilog HDL Expression warning at complexClock.v(725): truncated literal to match 8 bits
Warning (10229): Verilog HDL Expression warning at complexClock.v(726): truncated literal to match 8 bits
Warning (10229): Verilog HDL Expression warning at complexClock.v(727): truncated literal to match 8 bits
Info: Found 2 design units, including 2 entities, in source file complexclock.v
    Info: Found entity 1: complexClock
    Info: Found entity 2: debouncing
Info: Elaborating entity "complexClock" for the top level hierarchy
Warning (10036): Verilog HDL or VHDL warning at complexClock.v(79): object "settemp" assigned a value but never read
Info (10264): Verilog HDL Case Statement information at complexClock.v(91): all case item expressions in this case statement are onehot
Warning (10230): Verilog HDL assignment warning at complexClock.v(134): truncated value with size 32 to match size of target (26)
Warning (10230): Verilog HDL assignment warning at complexClock.v(162): truncated value with size 32 to match size of target (4)
Warning (10230): Verilog HDL assignment warning at complexClock.v(172): truncated value with size 32 to match size of target (4)
Warning (10230): Verilog HDL assignment warning at complexClock.v(175): truncated value with size 32 to match size of target (4)
Warning (10230): Verilog HDL assignment warning at complexClock.v(178): truncated value with size 32 to match size of target (4)
Warning (10230): Verilog HDL assignment warning at complexClock.v(181): truncated value with size 32 to match size of target (6)
Warning (10230): Verilog HDL assignment warning at complexClock.v(204): truncated value with size 32 to match size of target (4)
Warning (10230): Verilog HDL assignment warning at complexClock.v(207): truncated value with size 32 to match size of target (4)
Warning (10230): Verilog HDL assignment warning at complexClock.v(210): truncated value with size 32 to match size of target (4)
Warning (10230): Verilog HDL assignment warning at complexClock.v(213): truncated value with size 32 to match size of target (4)
Warning (10230): Verilog HDL assignment warning at complexClock.v(246): truncated value with size 32 to match size of target (4)
Warning (10230): Verilog HDL assignment warning at complexClock.v(256): truncated value with size 32 to match size of target (4)
Warning (10230): Verilog HDL assignment warning at complexClock.v(263): truncated value with size 32 to match size of target (4)
Warning (10230): Verilog HDL assignment warning at complexClock.v(268): truncated value with size 32 to match size of target (4)
Warning (10230): Verilog HDL assignment warning at complexClock.v(285): truncated value with size 32 to match size of target (4)
Warning (10230): Verilog HDL assignment warning at complexClock.v(292): truncated value with size 32 to match size of target (4)
Warning (10230): Verilog HDL assignment warning at complexClock.v(299): truncated value with size 32 to match size of target (4)
Warning (10230): Verilog HDL assignment warning at complexClock.v(306): truncated value with size 32 to match size of target (4)
Warning (10230): Verilog HDL assignment warning at complexClock.v(316): truncated value with size 32 to match size of target (4)
Warning (10230): Verilog HDL assignment warning at complexClock.v(323): truncated value with size 32 to match size of target (4)
Warning (10230): Verilog HDL assignment warning at complexClock.v(330): truncated value with size 32 to match size of target (4)
Warning (10230): Verilog HDL assignment warning at complexClock.v(337): truncated value with size 32 to match size of target (4)
Warning (10235): Verilog HDL Always Construct warning at complexClock.v(350): variable "set" is read inside the Always Construct but isn't in the Always Construct's Event Control
Warning (10270): Verilog HDL Case Statement warning at complexClock.v(352): incomplete case statement has no default case item
Warning (10235): Verilog HDL Always Construct warning at complexClock.v(365): variable "set" is read inside the Always Construct but isn't in the Always Construct's Event Control
Warning (10270): Verilog HDL Case Statement warning at complexClock.v(367): incomplete case statement has no default case item
Warning (10235): Verilog HDL Always Construct warning at complexClock.v(380): variable "set" is read inside the Always Construct but isn't in the Always Construct's Event Control
Warning (10270): Verilog HDL Case Statement warning at complexClock.v(382): incomplete case statement has no default case item
Warning (10235): Verilog HDL Always Construct warning at complexClock.v(395): variable "set" is read inside the Always Construct but isn't in the Always Construct's Event Control
Warning (10270): Verilog HDL Case Statement warning at complexClock.v(397): incomplete case statement has no default case item
Warning (10235): Verilog HDL Always Construct warning at complexClock.v(410): variable "set" is read inside the Always Construct but isn't in the Always Construct's Event Control
Warning (10270): Verilog HDL Case Statement warning at complexClock.v(412): incomplete case statement has no default case item
Warning (10240): Verilog HDL Always Construct warning at complexClock.v(348): inferring latch(es) for variable "replacehex3", which holds its previous value in one or more paths through the always construct
Warning (10240): Verilog HDL Always Construct warning at complexClock.v(348): inferring latch(es) for variable "temphex3", which holds its previous value in one or more paths through the always construct
Warning (10240): Verilog HDL Always Construct warning at complexClock.v(348): inferring latch(es) for variable "horsehex3", which holds its previous value in one or more paths through the always construct
Warning (10240): Verilog HDL Always Construct warning at complexClock.v(348): inferring latch(es) for variable "replace2hex3", which holds its previous value in one or more paths through the always construct
Warning (10240): Verilog HDL Always Construct warning at complexClock.v(348): inferring latch(es) for variable "lasthex3", which holds its previous value in one or more paths through the always construct
Warning (10235): Verilog HDL Always Construct warning at complexClock.v(431): variable "set" is read inside the Always Construct but isn't in the Always Construct's Event Control
Warning (10270): Verilog HDL Case Statement warning at complexClock.v(433): incomplete case statement has no default case item
Warning (10235): Verilog HDL Always Construct warning at complexClock.v(446): variable "set" is read inside the Always Construct but isn't in the Always Construct's Event Control
Warning (10270): Verilog HDL Case Statement warning at complexClock.v(448): incomplete case statement has no default case item
Warning (10235): Verilog HDL Always Construct warning at complexClock.v(461): variable "set" is read inside the Always Construct but isn't in the Always Construct's Event Control
Warning (10270): Verilog HDL Case Statement warning at complexClock.v(463): incomplete case statement has no default case item
Warning (10235): Verilog HDL Always Construct warning at complexClock.v(476): variable "set" is read inside the Always Construct but isn't in the Always Construct's Event Control
Warning (10270): Verilog HDL Case Statement warning at complexClock.v(478): incomplete case statement has no default case item
Warning (10235): Verilog HDL Always Construct warning at complexClock.v(491): variable "set" is read inside the Always Construct but isn't in the Always Construct's Event Control
Warning (10270): Verilog HDL Case Statement warning at complexClock.v(493): incomplete case statement has no default case item
Warning (10240): Verilog HDL Always Construct warning at complexClock.v(429): inferring latch(es) for variable "replacehex2", which holds its previous value in one or more paths through the always construct
Warning (10240): Verilog HDL Always Construct warning at complexClock.v(429): inferring latch(es) for variable "temphex2", which holds its previous value in one or more paths through the always construct
Warning (10240): Verilog HDL Always Construct warning at complexClock.v(429): inferring latch(es) for variable "horsehex2", which holds its previous value in one or more paths through the always construct
Warning (10240): Verilog HDL Always Construct warning at complexClock.v(429): inferring latch(es) for variable "replace2hex2", which holds its previous value in one or more paths through the always construct
Warning (10240): Verilog HDL Always Construct warning at complexClock.v(429): inferring latch(es) for variable "lasthex2", which holds its previous value in one or more paths through the always construct
Warning (10235): Verilog HDL Always Construct warning at complexClock.v(514): variable "set" is read inside the Always Construct but isn't in the Always Construct's Event Control
Warning (10270): Verilog HDL Case Statement warning at complexClock.v(516): incomplete case statement has no default case item
Warning (10235): Verilog HDL Always Construct warning at complexClock.v(529): variable "set" is read inside the Always Construct but isn't in the Always Construct's Event Control
Warning (10270): Verilog HDL Case Statement warning at complexClock.v(531): incomplete case statement has no default case item
Warning (10235): Verilog HDL Always Construct warning at complexClock.v(544): variable "set" is read inside the Always Construct but isn't in the Always Construct's Event Control
Warning (10270): Verilog HDL Case Statement warning at complexClock.v(546): incomplete case statement has no default case item
Warning (10235): Verilog HDL Always Construct warning at complexClock.v(559): variable "set" is read inside the Always Construct but isn't in the Always Construct's Event Control
Warning (10270): Verilog HDL Case Statement warning at complexClock.v(561): incomplete case statement has no default case item
Warning (10235): Verilog HDL Always Construct warning at complexClock.v(574): variable "set" is read inside the Always Construct but isn't in the Always Construct's Event Control
Warning (10270): Verilog HDL Case Statement warning at complexClock.v(576): incomplete case statement has no default case item
Warning (10240): Verilog HDL Always Construct warning at complexClock.v(512): inferring latch(es) for variable "replacehex1", which holds its previous value in one or more paths through the always construct
Warning (10240): Verilog HDL Always Construct warning at complexClock.v(512): inferring latch(es) for variable "temphex1", which holds its previous value in one or more paths through the always construct
Warning (10240): Verilog HDL Always Construct warning at complexClock.v(512): inferring latch(es) for variable "horsehex1", which holds its previous value in one or more paths through the always construct
Warning (10240): Verilog HDL Always Construct warning at complexClock.v(512): inferring latch(es) for variable "replace2hex1", which holds its previous value in one or more paths through the always construct
Warning (10240): Verilog HDL Always Construct warning at complexClock.v(512): inferring latch(es) for variable "lasthex1", which holds its previous value in one or more paths through the always construct
Warning (10235): Verilog HDL Always Construct warning at complexClock.v(596): variable "set" is read inside the Always Construct but isn't in the Always Construct's Event Control
Warning (10270): Verilog HDL Case Statement warning at complexClock.v(598): incomplete case statement has no default case item
Warning (10235): Verilog HDL Always Construct warning at complexClock.v(611): variable "set" is read inside the Always Construct but isn't in the Always Construct's Event Control
Warning (10270): Verilog HDL Case Statement warning at complexClock.v(613): incomplete case statement has no default case item
Warning (10235): Verilog HDL Always Construct warning at complexClock.v(626): variable "set" is read inside the Always Construct but isn't in the Always Construct's Event Control
Warning (10270): Verilog HDL Case Statement warning at complexClock.v(628): incomplete case statement has no default case item
Warning (10235): Verilog HDL Always Construct warning at complexClock.v(641): variable "set" is read inside the Always Construct but isn't in the Always Construct's Event Control
Warning (10270): Verilog HDL Case Statement warning at complexClock.v(643): incomplete case statement has no default case item
Warning (10235): Verilog HDL Always Construct warning at complexClock.v(656): variable "set" is read inside the Always Construct but isn't in the Always Construct's Event Control
Warning (10270): Verilog HDL Case Statement warning at complexClock.v(658): incomplete case statement has no default case item
Warning (10240): Verilog HDL Always Construct warning at complexClock.v(594): inferring latch(es) for variable "replacehex0", which holds its previous value in one or more paths through the always construct
Warning (10240): Verilog HDL Always Construct warning at complexClock.v(594): inferring latch(es) for variable "temphex0", which holds its previous value in one or more paths through the always construct
Warning (10240): Verilog HDL Always Construct warning at complexClock.v(594): inferring latch(es) for variable "horsehex0", which holds its previous value in one or more paths through the always construct
Warning (10240): Verilog HDL Always Construct warning at complexClock.v(594): inferring latch(es) for variable "replace2hex0", which holds its previous value in one or more paths through the always construct
Warning (10240): Verilog HDL Always Construct warning at complexClock.v(594): inferring latch(es) for variable "lasthex0", which holds its previous value in one or more paths through the always construct
Warning (10235): Verilog HDL Always Construct warning at complexClock.v(679): variable "replacehex0" is read inside the Always Construct but isn't in the Always Construct's Event Control
Warning (10235): Verilog HDL Always Construct warning at complexClock.v(680): variable "replacehex1" is read inside the Always Construct but isn't in the Always Construct's Event Control
Warning (10235): Verilog HDL Always Construct warning at complexClock.v(681): variable "replacehex2" is read inside the Always Construct but isn't in the Always Construct's Event Control
Warning (10235): Verilog HDL Always Construct warning at complexClock.v(682): variable "replacehex3" is read inside the Always Construct but isn't in the Always Construct's Event Control
Warning (10235): Verilog HDL Always Construct warning at complexClock.v(683): variable "fire" is read inside the Always Construct but isn't in the Always Construct's Event Control
Warning (10235): Verilog HDL Always Construct warning at complexClock.v(684): variable "fire2" is read inside the Always Construct but isn't in the Always Construct's Event Control
Warning (10235): Verilog HDL Always Construct warning at complexClock.v(688): variable "temphex0" is read inside the Always Construct but isn't in the Always Construct's Event Control
Warning (10235): Verilog HDL Always Construct warning at complexClock.v(689): variable "temphex1" is read inside the Always Construct but isn't in the Always Construct's Event Control
Warning (10235): Verilog HDL Always Construct warning at complexClock.v(690): variable "temphex2" is read inside the Always Construct but isn't in the Always Construct's Event Control
Warning (10235): Verilog HDL Always Construct warning at complexClock.v(691): variable "temphex3" is read inside the Always Construct but isn't in the Always Construct's Event Control
Warning (10235): Verilog HDL Always Construct warning at complexClock.v(692): variable "fire" is read inside the Always Construct but isn't in the Always Construct's Event Control
Warning (10235): Verilog HDL Always Construct warning at complexClock.v(697): variable "horsehex0" is read inside the Always Construct but isn't in the Always Construct's Event Control
Warning (10235): Verilog HDL Always Construct warning at complexClock.v(698): variable "horsehex1" is read inside the Always Construct but isn't in the Always Construct's Event Control
Warning (10235): Verilog HDL Always Construct warning at complexClock.v(699): variable "horsehex2" is read inside the Always Construct but isn't in the Always Construct's Event Control
Warning (10235): Verilog HDL Always Construct warning at complexClock.v(700): variable "horsehex3" is read inside the Always Construct but isn't in the Always Construct's Event Control
Warning (10235): Verilog HDL Always Construct warning at complexClock.v(701): variable "fire" is read inside the Always Construct but isn't in the Always Construct's Event Control
Warning (10235): Verilog HDL Always Construct warning at complexClock.v(706): variable "replace2hex0" is read inside the Always Construct but isn't in the Always Construct's Event Control
Warning (10235): Verilog HDL Always Construct warning at complexClock.v(707): variable "replace2hex1" is read inside the Always Construct but isn't in the Always Construct's Event Control
Warning (10235): Verilog HDL Always Construct warning at complexClock.v(708): variable "replace2hex2" is read inside the Always Construct but isn't in the Always Construct's Event Control
Warning (10235): Verilog HDL Always Construct warning at complexClock.v(709): variable "replace2hex3" is read inside the Always Construct but isn't in the Always Construct's Event Control
Warning (10235): Verilog HDL Always Construct warning at complexClock.v(710): variable "fire" is read inside the Always Construct but isn't in the Always Construct's Event Control
Warning (10235): Verilog HDL Always Construct warning at complexClock.v(711): variable "fire3" is read inside the Always Construct but isn't in the Always Construct's Event Control
Warning (10235): Verilog HDL Always Construct warning at complexClock.v(715): variable "lasthex0" is read inside the Always Construct but isn't in the Always Construct's Event Control
Warning (10235): Verilog HDL Always Construct warning at complexClock.v(716): variable "lasthex1" is read inside the Always Construct but isn't in the Always Construct's Event Control
Warning (10235): Verilog HDL Always Construct warning at complexClock.v(717): variable "lasthex2" is read inside the Always Construct but isn't in the Always Construct's Event Control
Warning (10235): Verilog HDL Always Construct warning at complexClock.v(718): variable "lasthex3" is read inside the Always Construct but isn't in the Always Construct's Event Control
Warning (10235): Verilog HDL Always Construct warning at complexClock.v(719): variable "fire" is read inside the Always Construct but isn't in the Always Construct's Event Control
Warning (10235): Verilog HDL Always Construct warning at complexClock.v(720): variable "fire4" is read inside the Always Construct but isn't in the Always Construct's Event Control
Warning (10235): Verilog HDL Always Construct warning at complexClock.v(728): variable "fire" is read inside the Always Construct but isn't in the Always Construct's Event Control
Warning (10240): Verilog HDL Always Construct warning at complexClock.v(675): inferring latch(es) for variable "hex0", which holds its previous value in one or more paths through the always construct
Warning (10240): Verilog HDL Always Construct warning at complexClock.v(675): inferring latch(es) for variable "hex1", which holds its previous value in one or more paths through the always construct
Warning (10240): Verilog HDL Always Construct warning at complexClock.v(675): inferring latch(es) for variable "hex2", which holds its previous value in one or more paths through the always construct
Warning (10240): Verilog HDL Always Construct warning at complexClock.v(675): inferring latch(es) for variable "hex3", which holds its previous value in one or more paths through the always construct
Warning (10240): Verilog HDL Always Construct warning at complexClock.v(675): inferring latch(es) for variable "led", which holds its previous value in one or more paths through the always construct
Warning (10230): Verilog HDL assignment warning at complexClock.v(737): truncated value with size 32 to match size of target (1)
Warning (10230): Verilog HDL assignment warning at complexClock.v(739): truncated value with size 32 to match size of target (1)
Warning (10230): Verilog HDL assignment warning at complexClock.v(742): truncated value with size 32 to match size of target (1)
Warning (10230): Verilog HDL assignment warning at complexClock.v(744): truncated value with size 32 to match size of target (1)
Warning (10230): Verilog HDL assignment warning at complexClock.v(753): truncated value with size 32 to match size of target (2)
Warning (10230): Verilog HDL assignment warning at complexClock.v(755): truncated value with size 32 to match size of target (2)
Warning (10240): Verilog HDL Always Construct warning at complexClock.v(758): inferring latch(es) for variable "fire2", which holds its previous value in one or more paths through the always construct
Warning (10240): Verilog HDL Always Construct warning at complexClock.v(758): inferring latch(es) for variable "fire3", which holds its previous value in one or more paths through the always construct
Warning (10235): Verilog HDL Always Construct warning at complexClock.v(783): variable "set" is read inside the Always Construct but isn't in the Always Construct's Event Control
Warning (10235): Verilog HDL Always Construct warning at complexClock.v(785): variable "set" is read inside the Always Construct but isn't in the Always Construct's Event Control
Warning (10240): Verilog HDL Always Construct warning at complexClock.v(781): inferring latch(es) for variable "reset", which holds its previous value in one or more paths through the always construct
Info (10041): Inferred latch for "reset" at complexClock.v(781)
Info (10041): Inferred latch for "fire3[0]" at complexClock.v(758)
Info (10041): Inferred latch for "fire3[1]" at complexClock.v(758)
Info (10041): Inferred latch for "fire3[2]" at complexClock.v(758)
Info (10041): Inferred latch for "fire3[3]" at complexClock.v(758)
Info (10041): Inferred latch for "fire3[4]" at complexClock.v(758)
Info (10041): Inferred latch for "fire2[0]" at complexClock.v(758)
Info (10041): Inferred latch for "fire2[1]" at complexClock.v(758)
Info (10041): Inferred latch for "fire2[2]" at complexClock.v(758)
Info (10041): Inferred latch for "fire2[3]" at complexClock.v(758)
Info (10041): Inferred latch for "fire2[4]" at complexClock.v(758)
Info (10041): Inferred latch for "led[0]" at complexClock.v(675)
Info (10041): Inferred latch for "led[1]" at complexClock.v(675)
Info (10041): Inferred latch for "led[2]" at complexClock.v(675)
Info (10041): Inferred latch for "led[3]" at complexClock.v(675)
Info (10041): Inferred latch for "led[4]" at complexClock.v(675)
Info (10041): Inferred latch for "led[5]" at complexClock.v(675)
Info (10041): Inferred latch for "led[6]" at complexClock.v(675)
Info (10041): Inferred latch for "led[7]" at complexClock.v(675)
Info (10041): Inferred latch for "led[8]" at complexClock.v(675)
Info (10041): Inferred latch for "led[9]" at complexClock.v(675)
Info (10041): Inferred latch for "hex3[0]" at complexClock.v(675)
Info (10041): Inferred latch for "hex3[1]" at complexClock.v(675)
Info (10041): Inferred latch for "hex3[2]" at complexClock.v(675)
Info (10041): Inferred latch for "hex3[3]" at complexClock.v(675)
Info (10041): Inferred latch for "hex3[4]" at complexClock.v(675)
Info (10041): Inferred latch for "hex3[5]" at complexClock.v(675)
Info (10041): Inferred latch for "hex3[6]" at complexClock.v(675)
Info (10041): Inferred latch for "hex3[7]" at complexClock.v(675)
Info (10041): Inferred latch for "hex2[0]" at complexClock.v(675)
Info (10041): Inferred latch for "hex2[1]" at complexClock.v(675)
Info (10041): Inferred latch for "hex2[2]" at complexClock.v(675)
Info (10041): Inferred latch for "hex2[3]" at complexClock.v(675)
Info (10041): Inferred latch for "hex2[4]" at complexClock.v(675)
Info (10041): Inferred latch for "hex2[5]" at complexClock.v(675)
Info (10041): Inferred latch for "hex2[6]" at complexClock.v(675)
Info (10041): Inferred latch for "hex2[7]" at complexClock.v(675)
Info (10041): Inferred latch for "hex1[0]" at complexClock.v(675)
Info (10041): Inferred latch for "hex1[1]" at complexClock.v(675)
Info (10041): Inferred latch for "hex1[2]" at complexClock.v(675)
Info (10041): Inferred latch for "hex1[3]" at complexClock.v(675)
Info (10041): Inferred latch for "hex1[4]" at complexClock.v(675)
Info (10041): Inferred latch for "hex1[5]" at complexClock.v(675)
Info (10041): Inferred latch for "hex1[6]" at complexClock.v(675)
Info (10041): Inferred latch for "hex1[7]" at complexClock.v(675)
Info (10041): Inferred latch for "hex0[0]" at complexClock.v(675)
Info (10041): Inferred latch for "hex0[1]" at complexClock.v(675)
Info (10041): Inferred latch for "hex0[2]" at complexClock.v(675)
Info (10041): Inferred latch for "hex0[3]" at complexClock.v(675)
Info (10041): Inferred latch for "hex0[4]" at complexClock.v(675)
Info (10041): Inferred latch for "hex0[5]" at complexClock.v(675)
Info (10041): Inferred latch for "hex0[6]" at complexClock.v(675)
Info (10041): Inferred latch for "hex0[7]" at complexClock.v(675)
Info (10041): Inferred latch for "lasthex0[0]" at complexClock.v(611)
Info (10041): Inferred latch for "lasthex0[1]" at complexClock.v(611)
Info (10041): Inferred latch for "lasthex0[2]" at complexClock.v(611)
Info (10041): Inferred latch for "lasthex0[3]" at complexClock.v(611)
Info (10041): Inferred latch for "lasthex0[4]" at complexClock.v(611)
Info (10041): Inferred latch for "lasthex0[5]" at complexClock.v(611)
Info (10041): Inferred latch for "lasthex0[6]" at complexClock.v(611)
Info (10041): Inferred latch for "lasthex0[7]" at complexClock.v(611)
Info (10041): Inferred latch for "replace2hex0[0]" at complexClock.v(611)
Info (10041): Inferred latch for "replace2hex0[1]" at complexClock.v(611)
Info (10041): Inferred latch for "replace2hex0[2]" at complexClock.v(611)
Info (10041): Inferred latch for "replace2hex0[3]" at complexClock.v(611)
Info (10041): Inferred latch for "replace2hex0[4]" at complexClock.v(611)
Info (10041): Inferred latch for "replace2hex0[5]" at complexClock.v(611)
Info (10041): Inferred latch for "replace2hex0[6]" at complexClock.v(611)
Info (10041): Inferred latch for "replace2hex0[7]" at complexClock.v(611)
Info (10041): Inferred latch for "horsehex0[0]" at complexClock.v(611)
Info (10041): Inferred latch for "horsehex0[1]" at complexClock.v(611)
Info (10041): Inferred latch for "horsehex0[2]" at complexClock.v(611)
Info (10041): Inferred latch for "horsehex0[3]" at complexClock.v(611)
Info (10041): Inferred latch for "horsehex0[4]" at complexClock.v(611)
Info (10041): Inferred latch for "horsehex0[5]" at complexClock.v(611)
Info (10041): Inferred latch for "horsehex0[6]" at complexClock.v(611)
Info (10041): Inferred latch for "horsehex0[7]" at complexClock.v(611)
Info (10041): Inferred latch for "temphex0[0]" at complexClock.v(611)
Info (10041): Inferred latch for "temphex0[1]" at complexClock.v(611)
Info (10041): Inferred latch for "temphex0[2]" at complexClock.v(611)
Info (10041): Inferred latch for "temphex0[3]" at complexClock.v(611)
Info (10041): Inferred latch for "temphex0[4]" at complexClock.v(611)
Info (10041): Inferred latch for "temphex0[5]" at complexClock.v(611)
Info (10041): Inferred latch for "temphex0[6]" at complexClock.v(611)
Info (10041): Inferred latch for "temphex0[7]" at complexClock.v(611)
Info (10041): Inferred latch for "replacehex0[0]" at complexClock.v(611)
Info (10041): Inferred latch for "replacehex0[1]" at complexClock.v(611)
Info (10041): Inferred latch for "replacehex0[2]" at complexClock.v(611)
Info (10041): Inferred latch for "replacehex0[3]" at complexClock.v(611)
Info (10041): Inferred latch for "replacehex0[4]" at complexClock.v(611)
Info (10041): Inferred latch for "replacehex0[5]" at complexClock.v(611)
Info (10041): Inferred latch for "replacehex0[6]" at complexClock.v(611)
Info (10041): Inferred latch for "replacehex0[7]" at complexClock.v(611)
Info (10041): Inferred latch for "lasthex1[0]" at complexClock.v(529)
Info (10041): Inferred latch for "lasthex1[1]" at complexClock.v(529)
Info (10041): Inferred latch for "lasthex1[2]" at complexClock.v(529)
Info (10041): Inferred latch for "lasthex1[3]" at complexClock.v(529)
Info (10041): Inferred latch for "lasthex1[4]" at complexClock.v(529)
Info (10041): Inferred latch for "lasthex1[5]" at complexClock.v(529)
Info (10041): Inferred latch for "lasthex1[6]" at complexClock.v(529)
Info (10041): Inferred latch for "lasthex1[7]" at complexClock.v(529)
Info (10041): Inferred latch for "replace2hex1[0]" at complexClock.v(529)
Info (10041): Inferred latch for "replace2hex1[1]" at complexClock.v(529)
Info (10041): Inferred latch for "replace2hex1[2]" at complexClock.v(529)
Info (10041): Inferred latch for "replace2hex1[3]" at complexClock.v(529)
Info (10041): Inferred latch for "replace2hex1[4]" at complexClock.v(529)
Info (10041): Inferred latch for "replace2hex1[5]" at complexClock.v(529)
Info (10041): Inferred latch for "replace2hex1[6]" at complexClock.v(529)
Info (10041): Inferred latch for "replace2hex1[7]" at complexClock.v(529)
Info (10041): Inferred latch for "horsehex1[0]" at complexClock.v(529)
Info (10041): Inferred latch for "horsehex1[1]" at complexClock.v(529)
Info (10041): Inferred latch for "horsehex1[2]" at complexClock.v(529)
Info (10041): Inferred latch for "horsehex1[3]" at complexClock.v(529)
Info (10041): Inferred latch for "horsehex1[4]" at complexClock.v(529)
Info (10041): Inferred latch for "horsehex1[5]" at complexClock.v(529)
Info (10041): Inferred latch for "horsehex1[6]" at complexClock.v(529)
Info (10041): Inferred latch for "horsehex1[7]" at complexClock.v(529)
Info (10041): Inferred latch for "temphex1[0]" at complexClock.v(529)
Info (10041): Inferred latch for "temphex1[1]" at complexClock.v(529)
Info (10041): Inferred latch for "temphex1[2]" at complexClock.v(529)
Info (10041): Inferred latch for "temphex1[3]" at complexClock.v(529)
Info (10041): Inferred latch for "temphex1[4]" at complexClock.v(529)
Info (10041): Inferred latch for "temphex1[5]" at complexClock.v(529)
Info (10041): Inferred latch for "temphex1[6]" at complexClock.v(529)
Info (10041): Inferred latch for "temphex1[7]" at complexClock.v(529)
Info (10041): Inferred latch for "replacehex1[0]" at complexClock.v(529)
Info (10041): Inferred latch for "replacehex1[1]" at complexClock.v(529)
Info (10041): Inferred latch for "replacehex1[2]" at complexClock.v(529)
Info (10041): Inferred latch for "replacehex1[3]" at complexClock.v(529)
Info (10041): Inferred latch for "replacehex1[4]" at complexClock.v(529)
Info (10041): Inferred latch for "replacehex1[5]" at complexClock.v(529)
Info (10041): Inferred latch for "replacehex1[6]" at complexClock.v(529)
Info (10041): Inferred latch for "replacehex1[7]" at complexClock.v(529)
Info (10041): Inferred latch for "lasthex2[0]" at complexClock.v(446)
Info (10041): Inferred latch for "lasthex2[1]" at complexClock.v(446)
Info (10041): Inferred latch for "lasthex2[2]" at complexClock.v(446)
Info (10041): Inferred latch for "lasthex2[3]" at complexClock.v(446)
Info (10041): Inferred latch for "lasthex2[4]" at complexClock.v(446)
Info (10041): Inferred latch for "lasthex2[5]" at complexClock.v(446)
Info (10041): Inferred latch for "lasthex2[6]" at complexClock.v(446)
Info (10041): Inferred latch for "lasthex2[7]" at complexClock.v(446)
Info (10041): Inferred latch for "replace2hex2[0]" at complexClock.v(446)
Info (10041): Inferred latch for "replace2hex2[1]" at complexClock.v(446)
Info (10041): Inferred latch for "replace2hex2[2]" at complexClock.v(446)
Info (10041): Inferred latch for "replace2hex2[3]" at complexClock.v(446)
Info (10041): Inferred latch for "replace2hex2[4]" at complexClock.v(446)
Info (10041): Inferred latch for "replace2hex2[5]" at complexClock.v(446)
Info (10041): Inferred latch for "replace2hex2[6]" at complexClock.v(446)
Info (10041): Inferred latch for "replace2hex2[7]" at complexClock.v(446)
Info (10041): Inferred latch for "horsehex2[0]" at complexClock.v(446)
Info (10041): Inferred latch for "horsehex2[1]" at complexClock.v(446)
Info (10041): Inferred latch for "horsehex2[2]" at complexClock.v(446)
Info (10041): Inferred latch for "horsehex2[3]" at complexClock.v(446)
Info (10041): Inferred latch for "horsehex2[4]" at complexClock.v(446)
Info (10041): Inferred latch for "horsehex2[5]" at complexClock.v(446)
Info (10041): Inferred latch for "horsehex2[6]" at complexClock.v(446)
Info (10041): Inferred latch for "horsehex2[7]" at complexClock.v(446)
Info (10041): Inferred latch for "temphex2[0]" at complexClock.v(446)
Info (10041): Inferred latch for "temphex2[1]" at complexClock.v(446)
Info (10041): Inferred latch for "temphex2[2]" at complexClock.v(446)
Info (10041): Inferred latch for "temphex2[3]" at complexClock.v(446)
Info (10041): Inferred latch for "temphex2[4]" at complexClock.v(446)
Info (10041): Inferred latch for "temphex2[5]" at complexClock.v(446)
Info (10041): Inferred latch for "temphex2[6]" at complexClock.v(446)
Info (10041): Inferred latch for "temphex2[7]" at complexClock.v(446)
Info (10041): Inferred latch for "replacehex2[0]" at complexClock.v(446)
Info (10041): Inferred latch for "replacehex2[1]" at complexClock.v(446)
Info (10041): Inferred latch for "replacehex2[2]" at complexClock.v(446)
Info (10041): Inferred latch for "replacehex2[3]" at complexClock.v(446)
Info (10041): Inferred latch for "replacehex2[4]" at complexClock.v(446)
Info (10041): Inferred latch for "replacehex2[5]" at complexClock.v(446)
Info (10041): Inferred latch for "replacehex2[6]" at complexClock.v(446)
Info (10041): Inferred latch for "replacehex2[7]" at complexClock.v(446)
Info (10041): Inferred latch for "lasthex3[0]" at complexClock.v(365)
Info (10041): Inferred latch for "lasthex3[1]" at complexClock.v(365)
Info (10041): Inferred latch for "lasthex3[2]" at complexClock.v(365)
Info (10041): Inferred latch for "lasthex3[3]" at complexClock.v(365)
Info (10041): Inferred latch for "lasthex3[4]" at complexClock.v(365)
Info (10041): Inferred latch for "lasthex3[5]" at complexClock.v(365)
Info (10041): Inferred latch for "lasthex3[6]" at complexClock.v(365)
Info (10041): Inferred latch for "lasthex3[7]" at complexClock.v(365)
Info (10041): Inferred latch for "replace2hex3[0]" at complexClock.v(365)
Info (10041): Inferred latch for "replace2hex3[1]" at complexClock.v(365)
Info (10041): Inferred latch for "replace2hex3[2]" at complexClock.v(365)
Info (10041): Inferred latch for "replace2hex3[3]" at complexClock.v(365)
Info (10041): Inferred latch for "replace2hex3[4]" at complexClock.v(365)
Info (10041): Inferred latch for "replace2hex3[5]" at complexClock.v(365)
Info (10041): Inferred latch for "replace2hex3[6]" at complexClock.v(365)
Info (10041): Inferred latch for "replace2hex3[7]" at complexClock.v(365)
Info (10041): Inferred latch for "horsehex3[0]" at complexClock.v(365)
Info (10041): Inferred latch for "horsehex3[1]" at complexClock.v(365)
Info (10041): Inferred latch for "horsehex3[2]" at complexClock.v(365)
Info (10041): Inferred latch for "horsehex3[3]" at complexClock.v(365)
Info (10041): Inferred latch for "horsehex3[4]" at complexClock.v(365)
Info (10041): Inferred latch for "horsehex3[5]" at complexClock.v(365)
Info (10041): Inferred latch for "horsehex3[6]" at complexClock.v(365)
Info (10041): Inferred latch for "horsehex3[7]" at complexClock.v(365)
Info (10041): Inferred latch for "temphex3[0]" at complexClock.v(365)
Info (10041): Inferred latch for "temphex3[1]" at complexClock.v(365)
Info (10041): Inferred latch for "temphex3[2]" at complexClock.v(365)
Info (10041): Inferred latch for "temphex3[3]" at complexClock.v(365)
Info (10041): Inferred latch for "temphex3[4]" at complexClock.v(365)
Info (10041): Inferred latch for "temphex3[5]" at complexClock.v(365)
Info (10041): Inferred latch for "temphex3[6]" at complexClock.v(365)
Info (10041): Inferred latch for "temphex3[7]" at complexClock.v(365)
Info (10041): Inferred latch for "replacehex3[0]" at complexClock.v(365)
Info (10041): Inferred latch for "replacehex3[1]" at complexClock.v(365)
Info (10041): Inferred latch for "replacehex3[2]" at complexClock.v(365)
Info (10041): Inferred latch for "replacehex3[3]" at complexClock.v(365)
Info (10041): Inferred latch for "replacehex3[4]" at complexClock.v(365)
Info (10041): Inferred latch for "replacehex3[5]" at complexClock.v(365)
Info (10041): Inferred latch for "replacehex3[6]" at complexClock.v(365)
Info (10041): Inferred latch for "replacehex3[7]" at complexClock.v(365)
Info: Elaborating entity "debouncing" for hierarchy "debouncing:A1"
Warning: Latch led[0]$latch has unsafe behavior
    Warning: Ports D and ENA on the latch are fed by the same signal switch[0]
Warning: Latch led[1]$latch has unsafe behavior
    Warning: Ports D and ENA on the latch are fed by the same signal switch[0]
Warning: Latch led[2]$latch has unsafe behavior
    Warning: Ports D and ENA on the latch are fed by the same signal switch[0]
Warning: Latch led[3]$latch has unsafe behavior
    Warning: Ports D and ENA on the latch are fed by the same signal switch[0]
Warning: Latch led[4]$latch has unsafe behavior
    Warning: Ports D and ENA on the latch are fed by the same signal switch[0]
Warning: Latch led[5]$latch has unsafe behavior
    Warning: Ports D and ENA on the latch are fed by the same signal switch[0]
Warning: Latch led[6]$latch has unsafe behavior
    Warning: Ports D and ENA on the latch are fed by the same signal switch[0]
Warning: Latch led[7]$latch has unsafe behavior
    Warning: Ports D and ENA on the latch are fed by the same signal switch[0]
Warning: Latch led[8]$latch has unsafe behavior
    Warning: Ports D and ENA on the latch are fed by the same signal switch[0]
Warning: Latch led[9]$latch has unsafe behavior
    Warning: Ports D and ENA on the latch are fed by the same signal switch[0]
Warning: Latch hex3[0]$latch has unsafe behavior
    Warning: Ports D and ENA on the latch are fed by the same signal switch[0]
Warning: Latch hex3[1]$latch has unsafe behavior
    Warning: Ports D and ENA on the latch are fed by the same signal switch[0]
Warning: Latch hex3[2]$latch has unsafe behavior
    Warning: Ports D and ENA on the latch are fed by the same signal switch[0]
Warning: Latch hex3[3]$latch has unsafe behavior
    Warning: Ports D and ENA on the latch are fed by the same signal switch[0]
Warning: Latch hex3[4]$latch has unsafe behavior
    Warning: Ports D and ENA on the latch are fed by the same signal switch[0]
Warning: Latch hex3[5]$latch has unsafe behavior
    Warning: Ports D and ENA on the latch are fed by the same signal switch[0]
Warning: Latch hex3[6]$latch has unsafe behavior
    Warning: Ports D and ENA on the latch are fed by the same signal switch[0]
Warning: Latch hex2[0]$latch has unsafe behavior
    Warning: Ports D and ENA on the latch are fed by the same signal switch[0]
Warning: Latch hex2[1]$latch has unsafe behavior
    Warning: Ports D and ENA on the latch are fed by the same signal switch[0]
Warning: Latch hex2[2]$latch has unsafe behavior
    Warning: Ports D and ENA on the latch are fed by the same signal switch[0]
Warning: Latch hex2[3]$latch has unsafe behavior
    Warning: Ports D and ENA on the latch are fed by the same signal switch[0]
Warning: Latch hex2[4]$latch has unsafe behavior
    Warning: Ports D and ENA on the latch are fed by the same signal switch[0]
Warning: Latch hex2[5]$latch has unsafe behavior
    Warning: Ports D and ENA on the latch are fed by the same signal switch[0]
Warning: Latch hex2[6]$latch has unsafe behavior
    Warning: Ports D and ENA on the latch are fed by the same signal switch[0]
Warning: Latch hex2[7]$latch has unsafe behavior
    Warning: Ports D and ENA on the latch are fed by the same signal switch[0]
Warning: Latch hex1[0]$latch has unsafe behavior
    Warning: Ports D and ENA on the latch are fed by the same signal switch[0]
Warning: Latch hex1[1]$latch has unsafe behavior
    Warning: Ports D and ENA on the latch are fed by the same signal switch[0]
Warning: Latch hex1[2]$latch has unsafe behavior
    Warning: Ports D and ENA on the latch are fed by the same signal switch[0]
Warning: Latch hex1[3]$latch has unsafe behavior
    Warning: Ports D and ENA on the latch are fed by the same signal switch[0]
Warning: Latch hex1[4]$latch has unsafe behavior
    Warning: Ports D and ENA on the latch are fed by the same signal switch[0]
Warning: Latch hex1[5]$latch has unsafe behavior
    Warning: Ports D and ENA on the latch are fed by the same signal switch[0]
Warning: Latch hex1[6]$latch has unsafe behavior
    Warning: Ports D and ENA on the latch are fed by the same signal switch[0]
Warning: Latch hex0[0]$latch has unsafe behavior
    Warning: Ports D and ENA on the latch are fed by the same signal switch[0]
Warning: Latch hex0[1]$latch has unsafe behavior
    Warning: Ports D and ENA on the latch are fed by the same signal switch[0]
Warning: Latch hex0[2]$latch has unsafe behavior
    Warning: Ports D and ENA on the latch are fed by the same signal switch[0]
Warning: Latch hex0[3]$latch has unsafe behavior
    Warning: Ports D and ENA on the latch are fed by the same signal switch[0]
Warning: Latch hex0[4]$latch has unsafe behavior
    Warning: Ports D and ENA on the latch are fed by the same signal switch[0]
Warning: Latch hex0[5]$latch has unsafe behavior
    Warning: Ports D and ENA on the latch are fed by the same signal switch[0]
Warning: Latch hex0[6]$latch has unsafe behavior
    Warning: Ports D and ENA on the latch are fed by the same signal switch[0]
Warning: Latch replacehex3[0] has unsafe behavior
    Warning: Ports D and ENA on the latch are fed by the same signal number3[1]
Warning: Latch temphex3[0] has unsafe behavior
    Warning: Ports D and ENA on the latch are fed by the same signal hrSecond[1]
Warning: Latch horsehex3[0] has unsafe behavior
    Warning: Ports D and ENA on the latch are fed by the same signal horsehrSecond[1]
Warning: Latch replace2hex3[0] has unsafe behavior
    Warning: Ports D and ENA on the latch are fed by the same signal number7[1]
Warning: Latch lasthex3[0] has unsafe behavior
    Warning: Ports D and ENA on the latch are fed by the same signal lasthrSecond[1]
Warning: Latch replacehex3[1] has unsafe behavior
    Warning: Ports D and ENA on the latch are fed by the same signal number3[2]
Warning: Latch temphex3[1] has unsafe behavior
    Warning: Ports D and ENA on the latch are fed by the same signal hrSecond[2]
Warning: Latch horsehex3[1] has unsafe behavior
    Warning: Ports D and ENA on the latch are fed by the same signal horsehrSecond[2]
Warning: Latch replace2hex3[1] has unsafe behavior
    Warning: Ports D and ENA on the latch are fed by the same signal number7[2]
Warning: Latch lasthex3[1] has unsafe behavior
    Warning: Ports D and ENA on the latch are fed by the same signal lasthrSecond[2]
Warning: Latch replacehex3[2] has unsafe behavior
    Warning: Ports D and ENA on the latch are fed by the same signal number3[1]
Warning: Latch temphex3[2] has unsafe behavior
    Warning: Ports D and ENA on the latch are fed by the same signal hrSecond[1]
Warning: Latch horsehex3[2] has unsafe behavior
    Warning: Ports D and ENA on the latch are fed by the same signal horsehrSecond[1]
Warning: Latch replace2hex3[2] has unsafe behavior
    Warning: Ports D and ENA on the latch are fed by the same signal number7[1]
Warning: Latch lasthex3[2] has unsafe behavior
    Warning: Ports D and ENA on the latch are fed by the same signal lasthrSecond[1]
Warning: Latch replacehex3[3] has unsafe behavior
    Warning: Ports D and ENA on the latch are fed by the same signal number3[1]
Warning: Latch temphex3[3] has unsafe behavior
    Warning: Ports D and ENA on the latch are fed by the same signal hrSecond[1]
Warning: Latch horsehex3[3] has unsafe behavior
    Warning: Ports D and ENA on the latch are fed by the same signal horsehrSecond[1]
Warning: Latch replace2hex3[3] has unsafe behavior
    Warning: Ports D and ENA on the latch are fed by the same signal number7[1]
Warning: Latch lasthex3[3] has unsafe behavior
    Warning: Ports D and ENA on the latch are fed by the same signal lasthrSecond[1]
Warning: Latch replacehex3[4] has unsafe behavior
    Warning: Ports D and ENA on the latch are fed by the same signal number3[1]
Warning: Latch temphex3[4] has unsafe behavior
    Warning: Ports D and ENA on the latch are fed by the same signal hrSecond[1]
Warning: Latch horsehex3[4] has unsafe behavior
    Warning: Ports D and ENA on the latch are fed by the same signal horsehrSecond[1]
Warning: Latch replace2hex3[4] has unsafe behavior
    Warning: Ports D and ENA on the latch are fed by the same signal number7[1]
Warning: Latch lasthex3[4] has unsafe behavior
    Warning: Ports D and ENA on the latch are fed by the same signal lasthrSecond[1]
Warning: Latch replacehex3[5] has unsafe behavior
    Warning: Ports D and ENA on the latch are fed by the same signal number3[1]
Warning: Latch temphex3[5] has unsafe behavior
    Warning: Ports D and ENA on the latch are fed by the same signal hrSecond[1]
Warning: Latch horsehex3[5] has unsafe behavior
    Warning: Ports D and ENA on the latch are fed by the same signal horsehrSecond[1]
Warning: Latch replace2hex3[5] has unsafe behavior
    Warning: Ports D and ENA on the latch are fed by the same signal number7[1]
Warning: Latch lasthex3[5] has unsafe behavior
    Warning: Ports D and ENA on the latch are fed by the same signal lasthrSecond[1]
Warning: Latch replacehex3[6] has unsafe behavior
    Warning: Ports D and ENA on the latch are fed by the same signal number3[1]
Warning: Latch temphex3[6] has unsafe behavior
    Warning: Ports D and ENA on the latch are fed by the same signal hrSecond[1]
Warning: Latch horsehex3[6] has unsafe behavior
    Warning: Ports D and ENA on the latch are fed by the same signal horsehrSecond[1]
Warning: Latch replace2hex3[6] has unsafe behavior
    Warning: Ports D and ENA on the latch are fed by the same signal number7[1]
Warning: Latch lasthex3[6] has unsafe behavior
    Warning: Ports D and ENA on the latch are fed by the same signal lasthrSecond[1]
Warning: Latch replacehex2[0] has unsafe behavior
    Warning: Ports D and ENA on the latch are fed by the same signal number2[1]
Warning: Latch temphex2[0] has unsafe behavior
    Warning: Ports D and ENA on the latch are fed by the same signal hrFirst[1]
Warning: Latch horsehex2[0] has unsafe behavior
    Warning: Ports D and ENA on the latch are fed by the same signal horsehrFirst[1]
Warning: Latch replace2hex2[0] has unsafe behavior
    Warning: Ports D and ENA on the latch are fed by the same signal number6[1]
Warning: Latch lasthex2[0] has unsafe behavior
    Warning: Ports D and ENA on the latch are fed by the same signal lasthrFirst[1]
Warning: Latch replacehex2[1] has unsafe behavior
    Warning: Ports D and ENA on the latch are fed by the same signal number2[2]
Warning: Latch temphex2[1] has unsafe behavior
    Warning: Ports D and ENA on the latch are fed by the same signal hrFirst[2]
Warning: Latch horsehex2[1] has unsafe behavior
    Warning: Ports D and ENA on the latch are fed by the same signal horsehrFirst[2]
Warning: Latch replace2hex2[1] has unsafe behavior
    Warning: Ports D and ENA on the latch are fed by the same signal number6[2]
Warning: Latch lasthex2[1] has unsafe behavior
    Warning: Ports D and ENA on the latch are fed by the same signal lasthrFirst[2]
Warning: Latch replacehex2[2] has unsafe behavior
    Warning: Ports D and ENA on the latch are fed by the same signal number2[1]
Warning: Latch temphex2[2] has unsafe behavior
    Warning: Ports D and ENA on the latch are fed by the same signal hrFirst[1]
Warning: Latch horsehex2[2] has unsafe behavior
    Warning: Ports D and ENA on the latch are fed by the same signal horsehrFirst[1]
Warning: Latch replace2hex2[2] has unsafe behavior
    Warning: Ports D and ENA on the latch are fed by the same signal number6[1]
Warning: Latch lasthex2[2] has unsafe behavior
    Warning: Ports D and ENA on the latch are fed by the same signal lasthrFirst[1]
Warning: Latch replacehex2[3] has unsafe behavior
    Warning: Ports D and ENA on the latch are fed by the same signal number2[1]
Warning: Latch temphex2[3] has unsafe behavior
    Warning: Ports D and ENA on the latch are fed by the same signal hrFirst[1]
Warning: Latch horsehex2[3] has unsafe behavior
    Warning: Ports D and ENA on the latch are fed by the same signal horsehrFirst[1]
Warning: Latch replace2hex2[3] has unsafe behavior
    Warning: Ports D and ENA on the latch are fed by the same signal number6[1]
Warning: Latch lasthex2[3] has unsafe behavior
    Warning: Ports D and ENA on the latch are fed by the same signal lasthrFirst[1]
Warning: Latch replacehex2[4] has unsafe behavior
    Warning: Ports D and ENA on the latch are fed by the same signal number2[1]
Warning: Latch temphex2[4] has unsafe behavior
    Warning: Ports D and ENA on the latch are fed by the same signal hrFirst[1]
Warning: Latch horsehex2[4] has unsafe behavior
    Warning: Ports D and ENA on the latch are fed by the same signal horsehrFirst[1]
Warning: Latch replace2hex2[4] has unsafe behavior
    Warning: Ports D and ENA on the latch are fed by the same signal number6[1]
Warning: Latch lasthex2[4] has unsafe behavior
    Warning: Ports D and ENA on the latch are fed by the same signal lasthrFirst[1]
Warning: Latch replacehex2[5] has unsafe behavior
    Warning: Ports D and ENA on the latch are fed by the same signal number2[1]
Warning: Latch temphex2[5] has unsafe behavior
    Warning: Ports D and ENA on the latch are fed by the same signal hrFirst[1]
Warning: Latch horsehex2[5] has unsafe behavior
    Warning: Ports D and ENA on the latch are fed by the same signal horsehrFirst[1]
Warning: Latch replace2hex2[5] has unsafe behavior
    Warning: Ports D and ENA on the latch are fed by the same signal number6[1]
Warning: Latch lasthex2[5] has unsafe behavior
    Warning: Ports D and ENA on the latch are fed by the same signal lasthrFirst[1]
Warning: Latch replacehex2[6] has unsafe behavior
    Warning: Ports D and ENA on the latch are fed by the same signal number2[1]
Warning: Latch temphex2[6] has unsafe behavior
    Warning: Ports D and ENA on the latch are fed by the same signal hrFirst[1]
Warning: Latch horsehex2[6] has unsafe behavior
    Warning: Ports D and ENA on the latch are fed by the same signal horsehrFirst[1]
Warning: Latch replace2hex2[6] has unsafe behavior
    Warning: Ports D and ENA on the latch are fed by the same signal number6[1]
Warning: Latch lasthex2[6] has unsafe behavior
    Warning: Ports D and ENA on the latch are fed by the same signal lasthrFirst[1]
Warning: Latch replacehex1[0] has unsafe behavior
    Warning: Ports D and ENA on the latch are fed by the same signal number1[1]
Warning: Latch temphex1[0] has unsafe behavior
    Warning: Ports D and ENA on the latch are fed by the same signal minuteSecond[1]
Warning: Latch horsehex1[0] has unsafe behavior
    Warning: Ports D and ENA on the latch are fed by the same signal horseminuteSecond[1]
Warning: Latch replace2hex1[0] has unsafe behavior
    Warning: Ports D and ENA on the latch are fed by the same signal number5[1]
Warning: Latch lasthex1[0] has unsafe behavior
    Warning: Ports D and ENA on the latch are fed by the same signal lastminuteSecond[1]
Warning: Latch replacehex1[1] has unsafe behavior
    Warning: Ports D and ENA on the latch are fed by the same signal number1[2]
Warning: Latch temphex1[1] has unsafe behavior
    Warning: Ports D and ENA on the latch are fed by the same signal minuteSecond[2]
Warning: Latch horsehex1[1] has unsafe behavior
    Warning: Ports D and ENA on the latch are fed by the same signal horseminuteSecond[2]
Warning: Latch replace2hex1[1] has unsafe behavior
    Warning: Ports D and ENA on the latch are fed by the same signal number5[2]
Warning: Latch lasthex1[1] has unsafe behavior
    Warning: Ports D and ENA on the latch are fed by the same signal lastminuteSecond[2]
Warning: Latch replacehex1[2] has unsafe behavior
    Warning: Ports D and ENA on the latch are fed by the same signal number1[1]
Warning: Latch temphex1[2] has unsafe behavior
    Warning: Ports D and ENA on the latch are fed by the same signal minuteSecond[1]
Warning: Latch horsehex1[2] has unsafe behavior
    Warning: Ports D and ENA on the latch are fed by the same signal horseminuteSecond[1]
Warning: Latch replace2hex1[2] has unsafe behavior
    Warning: Ports D and ENA on the latch are fed by the same signal number5[1]
Warning: Latch lasthex1[2] has unsafe behavior
    Warning: Ports D and ENA on the latch are fed by the same signal lastminuteSecond[1]
Warning: Latch replacehex1[3] has unsafe behavior
    Warning: Ports D and ENA on the latch are fed by the same signal number1[1]
Warning: Latch temphex1[3] has unsafe behavior
    Warning: Ports D and ENA on the latch are fed by the same signal minuteSecond[1]
Warning: Latch horsehex1[3] has unsafe behavior
    Warning: Ports D and ENA on the latch are fed by the same signal horseminuteSecond[1]
Warning: Latch replace2hex1[3] has unsafe behavior
    Warning: Ports D and ENA on the latch are fed by the same signal number5[1]
Warning: Latch lasthex1[3] has unsafe behavior
    Warning: Ports D and ENA on the latch are fed by the same signal lastminuteSecond[1]
Warning: Latch replacehex1[4] has unsafe behavior
    Warning: Ports D and ENA on the latch are fed by the same signal number1[1]
Warning: Latch temphex1[4] has unsafe behavior
    Warning: Ports D and ENA on the latch are fed by the same signal minuteSecond[1]
Warning: Latch horsehex1[4] has unsafe behavior
    Warning: Ports D and ENA on the latch are fed by the same signal horseminuteSecond[1]
Warning: Latch replace2hex1[4] has unsafe behavior
    Warning: Ports D and ENA on the latch are fed by the same signal number5[1]
Warning: Latch lasthex1[4] has unsafe behavior
    Warning: Ports D and ENA on the latch are fed by the same signal lastminuteSecond[1]
Warning: Latch replacehex1[5] has unsafe behavior
    Warning: Ports D and ENA on the latch are fed by the same signal number1[1]
Warning: Latch temphex1[5] has unsafe behavior
    Warning: Ports D and ENA on the latch are fed by the same signal minuteSecond[1]
Warning: Latch horsehex1[5] has unsafe behavior
    Warning: Ports D and ENA on the latch are fed by the same signal horseminuteSecond[1]
Warning: Latch replace2hex1[5] has unsafe behavior
    Warning: Ports D and ENA on the latch are fed by the same signal number5[1]
Warning: Latch lasthex1[5] has unsafe behavior
    Warning: Ports D and ENA on the latch are fed by the same signal lastminuteSecond[1]
Warning: Latch replacehex1[6] has unsafe behavior
    Warning: Ports D and ENA on the latch are fed by the same signal number1[1]
Warning: Latch temphex1[6] has unsafe behavior
    Warning: Ports D and ENA on the latch are fed by the same signal minuteSecond[1]
Warning: Latch horsehex1[6] has unsafe behavior
    Warning: Ports D and ENA on the latch are fed by the same signal horseminuteSecond[1]
Warning: Latch replace2hex1[6] has unsafe behavior
    Warning: Ports D and ENA on the latch are fed by the same signal number5[1]
Warning: Latch lasthex1[6] has unsafe behavior
    Warning: Ports D and ENA on the latch are fed by the same signal lastminuteSecond[1]
Warning: Latch replacehex0[0] has unsafe behavior
    Warning: Ports D and ENA on the latch are fed by the same signal number0[1]
Warning: Latch temphex0[0] has unsafe behavior
    Warning: Ports D and ENA on the latch are fed by the same signal minuteFirst[1]
Warning: Latch horsehex0[0] has unsafe behavior
    Warning: Ports D and ENA on the latch are fed by the same signal horseminuteFirst[1]
Warning: Latch replace2hex0[0] has unsafe behavior
    Warning: Ports D and ENA on the latch are fed by the same signal number4[1]
Warning: Latch lasthex0[0] has unsafe behavior
    Warning: Ports D and ENA on the latch are fed by the same signal lastminuteFirst[1]
Warning: Latch replacehex0[1] has unsafe behavior
    Warning: Ports D and ENA on the latch are fed by the same signal number0[2]
Warning: Latch temphex0[1] has unsafe behavior
    Warning: Ports D and ENA on the latch are fed by the same signal minuteFirst[2]
Warning: Latch horsehex0[1] has unsafe behavior
    Warning: Ports D and ENA on the latch are fed by the same signal horseminuteFirst[2]
Warning: Latch replace2hex0[1] has unsafe behavior
    Warning: Ports D and ENA on the latch are fed by the same signal number4[2]
Warning: Latch lasthex0[1] has unsafe behavior
    Warning: Ports D and ENA on the latch are fed by the same signal lastminuteFirst[2]
Warning: Latch replacehex0[2] has unsafe behavior
    Warning: Ports D and ENA on the latch are fed by the same signal number0[1]
Warning: Latch temphex0[2] has unsafe behavior
    Warning: Ports D and ENA on the latch are fed by the same signal minuteFirst[1]
Warning: Latch horsehex0[2] has unsafe behavior
    Warning: Ports D and ENA on the latch are fed by the same signal horseminuteFirst[1]
Warning: Latch replace2hex0[2] has unsafe behavior
    Warning: Ports D and ENA on the latch are fed by the same signal number4[1]
Warning: Latch lasthex0[2] has unsafe behavior
    Warning: Ports D and ENA on the latch are fed by the same signal lastminuteFirst[1]
Warning: Latch replacehex0[3] has unsafe behavior
    Warning: Ports D and ENA on the latch are fed by the same signal number0[1]
Warning: Latch temphex0[3] has unsafe behavior
    Warning: Ports D and ENA on the latch are fed by the same signal minuteFirst[1]
Warning: Latch horsehex0[3] has unsafe behavior
    Warning: Ports D and ENA on the latch are fed by the same signal horseminuteFirst[1]
Warning: Latch replace2hex0[3] has unsafe behavior
    Warning: Ports D and ENA on the latch are fed by the same signal number4[1]
Warning: Latch lasthex0[3] has unsafe behavior
    Warning: Ports D and ENA on the latch are fed by the same signal lastminuteFirst[1]
Warning: Latch replacehex0[4] has unsafe behavior
    Warning: Ports D and ENA on the latch are fed by the same signal number0[1]
Warning: Latch temphex0[4] has unsafe behavior
    Warning: Ports D and ENA on the latch are fed by the same signal minuteFirst[1]
Warning: Latch horsehex0[4] has unsafe behavior
    Warning: Ports D and ENA on the latch are fed by the same signal horseminuteFirst[1]
Warning: Latch replace2hex0[4] has unsafe behavior
    Warning: Ports D and ENA on the latch are fed by the same signal number4[1]
Warning: Latch lasthex0[4] has unsafe behavior
    Warning: Ports D and ENA on the latch are fed by the same signal lastminuteFirst[1]
Warning: Latch replacehex0[5] has unsafe behavior
    Warning: Ports D and ENA on the latch are fed by the same signal number0[1]
Warning: Latch temphex0[5] has unsafe behavior
    Warning: Ports D and ENA on the latch are fed by the same signal minuteFirst[1]
Warning: Latch horsehex0[5] has unsafe behavior
    Warning: Ports D and ENA on the latch are fed by the same signal horseminuteFirst[1]
Warning: Latch replace2hex0[5] has unsafe behavior
    Warning: Ports D and ENA on the latch are fed by the same signal number4[1]
Warning: Latch lasthex0[5] has unsafe behavior
    Warning: Ports D and ENA on the latch are fed by the same signal lastminuteFirst[1]
Warning: Latch replacehex0[6] has unsafe behavior
    Warning: Ports D and ENA on the latch are fed by the same signal number0[1]
Warning: Latch temphex0[6] has unsafe behavior
    Warning: Ports D and ENA on the latch are fed by the same signal minuteFirst[1]
Warning: Latch horsehex0[6] has unsafe behavior
    Warning: Ports D and ENA on the latch are fed by the same signal horseminuteFirst[1]
Warning: Latch replace2hex0[6] has unsafe behavior
    Warning: Ports D and ENA on the latch are fed by the same signal number4[1]
Warning: Latch lasthex0[6] has unsafe behavior
    Warning: Ports D and ENA on the latch are fed by the same signal lastminuteFirst[1]
Warning: Output pins are stuck at VCC or GND
    Warning (13410): Pin "hex3[7]" is stuck at VCC
    Warning (13410): Pin "hex1[7]" is stuck at VCC
    Warning (13410): Pin "hex0[7]" is stuck at VCC
Info: Timing-Driven Synthesis is running
Info: Generated suppressed messages file C:/Users/User/Desktop/數位專題正式版/complexClock.map.smsg
Warning: Design contains 1 input pin(s) that do not drive logic
    Warning (15610): No output dependent on input pin "button0"
Info: Implemented 742 device resources after synthesis - the final resource count might be different
    Info: Implemented 9 input pins
    Info: Implemented 42 output pins
    Info: Implemented 691 logic cells
Info: Quartus II Analysis & Synthesis was successful. 0 errors, 496 warnings
    Info: Peak virtual memory: 229 megabytes
    Info: Processing ended: Fri Jun 11 20:24:26 2021
    Info: Elapsed time: 00:00:03
    Info: Total CPU time (on all processors): 00:00:03


+------------------------------------------+
; Analysis & Synthesis Suppressed Messages ;
+------------------------------------------+
The suppressed messages can be found in C:/Users/User/Desktop/數位專題正式版/complexClock.map.smsg.


